// Jest Snapshot v1, https://goo.gl/fbAQLP

exports[`Root component should match snapshot 1`] = `
    <Paper className={classes.root}>
      <Box className={classes.searchBtnBox}>
        <FormControl className={classes.formControl}>
          <InputLabel id="CountryInput">Select City</InputLabel>
          <Select labelId="cityLable" id="city" value={city} onChange={(e: any) => setCity(e.target.value)}>
            <MenuItem value="Tokyo">Tokyo</MenuItem>
            <MenuItem value="Delhi">Delhi</MenuItem>
            <MenuItem value="Shanghai">Shanghai</MenuItem>
            <MenuItem value="Sao Paulo">Sao Paulo</MenuItem>
            <MenuItem value="Mexico City">Mexico City</MenuItem>
          </Select>
        </FormControl>
      </Box>
    </Paper>
`;
